current directory: /Users/macbookpro/Documents/Izeesoft/RailsApp/ruflet_rails_demo/vendor/bundle/ruby/4.0.0/gems/date-3.5.1/ext/date
/opt/homebrew/opt/ruby/bin/ruby extconf.rb
checking for rb_category_warn()... yes
checking for timezone in time.h with -Werror... yes
checking for altzone in time.h with -Werror... no
creating Makefile

current directory: /Users/macbookpro/Documents/Izeesoft/RailsApp/ruflet_rails_demo/vendor/bundle/ruby/4.0.0/gems/date-3.5.1/ext/date
make -j9 DESTDIR\= sitearchdir\=./.gem.20260628-35482-llxwt6 sitelibdir\=./.gem.20260628-35482-llxwt6 clean

current directory: /Users/macbookpro/Documents/Izeesoft/RailsApp/ruflet_rails_demo/vendor/bundle/ruby/4.0.0/gems/date-3.5.1/ext/date
make -j9 DESTDIR\= sitearchdir\=./.gem.20260628-35482-llxwt6 sitelibdir\=./.gem.20260628-35482-llxwt6
compiling date_parse.c
compiling date_core.c
compiling date_strftime.c
compiling date_strptime.c
linking shared-object date_core.bundle

current directory: /Users/macbookpro/Documents/Izeesoft/RailsApp/ruflet_rails_demo/vendor/bundle/ruby/4.0.0/gems/date-3.5.1/ext/date
make -j9 DESTDIR\= sitearchdir\=./.gem.20260628-35482-llxwt6 sitelibdir\=./.gem.20260628-35482-llxwt6 install
/usr/bin/install -c -m 0755 date_core.bundle ./.gem.20260628-35482-llxwt6

current directory: /Users/macbookpro/Documents/Izeesoft/RailsApp/ruflet_rails_demo/vendor/bundle/ruby/4.0.0/gems/date-3.5.1/ext/date
make DESTDIR\= sitearchdir\=./.gem.20260628-35482-llxwt6 sitelibdir\=./.gem.20260628-35482-llxwt6 clean
