current directory: /Users/macbookpro/Documents/Izeesoft/RailsApp/ruflet_rails_demo/vendor/bundle/ruby/4.0.0/gems/rbs-4.0.3/ext/rbs_extension
/opt/homebrew/opt/ruby/bin/ruby extconf.rb
checking for whether -std=gnu99 is accepted as CFLAGS... yes
checking for whether -Wimplicit-fallthrough is accepted as CFLAGS... yes
checking for whether -Wunused-result is accepted as CFLAGS... yes
checking for whether -Wc++-compat is accepted as CFLAGS... yes
checking for whether -DNDEBUG is accepted as CFLAGS... yes
creating Makefile

current directory: /Users/macbookpro/Documents/Izeesoft/RailsApp/ruflet_rails_demo/vendor/bundle/ruby/4.0.0/gems/rbs-4.0.3/ext/rbs_extension
make -j9 DESTDIR\= sitearchdir\=./.gem.20260628-35482-y4etvx sitelibdir\=./.gem.20260628-35482-y4etvx clean

current directory: /Users/macbookpro/Documents/Izeesoft/RailsApp/ruflet_rails_demo/vendor/bundle/ruby/4.0.0/gems/rbs-4.0.3/ext/rbs_extension
make -j9 DESTDIR\= sitearchdir\=./.gem.20260628-35482-y4etvx sitelibdir\=./.gem.20260628-35482-y4etvx
compiling ./../../src/lexer.c
compiling ./../../src/ast.c
compiling ./../../src/location.c
compiling ./../../src/parser.c
compiling ./../../src/lexstate.c
compiling ./../../src/string.c
compiling ./../../src/util/rbs_allocator.c
compiling ./../../src/util/rbs_buffer.c
compiling ./../../src/util/rbs_assert.c
compiling ./../../src/util/rbs_constant_pool.c
compiling ./../../src/util/rbs_unescape.c
compiling ./../../src/util/rbs_encoding.c
compiling ast_translation.c
compiling class_constants.c
compiling legacy_location.c
compiling main.c
compiling rbs_string_bridging.c
linking shared-object rbs_extension.bundle

current directory: /Users/macbookpro/Documents/Izeesoft/RailsApp/ruflet_rails_demo/vendor/bundle/ruby/4.0.0/gems/rbs-4.0.3/ext/rbs_extension
make -j9 DESTDIR\= sitearchdir\=./.gem.20260628-35482-y4etvx sitelibdir\=./.gem.20260628-35482-y4etvx install
/usr/bin/install -c -m 0755 rbs_extension.bundle ./.gem.20260628-35482-y4etvx

current directory: /Users/macbookpro/Documents/Izeesoft/RailsApp/ruflet_rails_demo/vendor/bundle/ruby/4.0.0/gems/rbs-4.0.3/ext/rbs_extension
make DESTDIR\= sitearchdir\=./.gem.20260628-35482-y4etvx sitelibdir\=./.gem.20260628-35482-y4etvx clean
