have_builtin_func: checking for __builtin_clz()... -------------------- yes

DYLD_LIBRARY_PATH=.:/opt/homebrew/Cellar/ruby/4.0.5/lib LSAN_OPTIONS=detect_leaks=0 "clang -o conftest -I/opt/homebrew/Cellar/ruby/4.0.5/include/ruby-4.0.0/arm64-darwin25 -I/opt/homebrew/Cellar/ruby/4.0.5/include/ruby-4.0.0/ruby/backward -I/opt/homebrew/Cellar/ruby/4.0.5/include/ruby-4.0.0 -I. -I/opt/homebrew/opt/libyaml/include -I/opt/homebrew/opt/openssl@3/include -D_XOPEN_SOURCE -D_DARWIN_C_SOURCE -D_DARWIN_UNLIMITED_SELECT -D_REENTRANT   -fstack-protector-strong -U_FORTIFY_SOURCE -D_FORTIFY_SOURCE=2 -fdeclspec  -O3 -fno-fast-math -ggdb3 -Wall -Wextra -Wextra-tokens -Wdeprecated-declarations -Wdivision-by-zero -Wdiv-by-zero -Wimplicit-function-declaration -Wimplicit-int -Wpointer-arith -Wshorten-64-to-32 -Wwrite-strings -Wold-style-definition -Wmissing-noreturn -Wno-cast-function-type -Wno-constant-logical-operand -Wno-long-long -Wno-missing-field-initializers -Wno-overlength-strings -Wno-parentheses-equality -Wno-self-assign -Wno-tautological-compare -Wno-unused-parameter -Wno-unused-value -Wunused-variable -Wmisleading-indentation -Wundef -fno-common -pipe conftest.c -L. -L/opt/homebrew/Cellar/ruby/4.0.5/lib -L/opt/homebrew/opt/libyaml/lib -L/opt/homebrew/opt/openssl@3/lib -L. -fstack-protector-strong -L/opt/homebrew/Cellar/libyaml/0.2.5/lib -L/opt/homebrew/Cellar/openssl@3/3.6.2/lib  -arch arm64   -lruby.4.0  -lpthread  "
checked program was:
/* begin */
1: #include "ruby.h"
2: 
3: int main(int argc, char **argv)
4: {
5:   return !!argv[argc];
6: }
/* end */

DYLD_LIBRARY_PATH=.:/opt/homebrew/Cellar/ruby/4.0.5/lib LSAN_OPTIONS=detect_leaks=0 "clang -I/opt/homebrew/Cellar/ruby/4.0.5/include/ruby-4.0.0/arm64-darwin25 -I/opt/homebrew/Cellar/ruby/4.0.5/include/ruby-4.0.0/ruby/backward -I/opt/homebrew/Cellar/ruby/4.0.5/include/ruby-4.0.0 -I. -I/opt/homebrew/opt/libyaml/include -I/opt/homebrew/opt/openssl@3/include -D_XOPEN_SOURCE -D_DARWIN_C_SOURCE -D_DARWIN_UNLIMITED_SELECT -D_REENTRANT   -fstack-protector-strong -U_FORTIFY_SOURCE -D_FORTIFY_SOURCE=2 -fdeclspec  -O3 -fno-fast-math -ggdb3 -Wall -Wextra -Wextra-tokens -Wdeprecated-declarations -Wdivision-by-zero -Wdiv-by-zero -Wimplicit-function-declaration -Wimplicit-int -Wpointer-arith -Wshorten-64-to-32 -Wwrite-strings -Wold-style-definition -Wmissing-noreturn -Wno-cast-function-type -Wno-constant-logical-operand -Wno-long-long -Wno-missing-field-initializers -Wno-overlength-strings -Wno-parentheses-equality -Wno-self-assign -Wno-tautological-compare -Wno-unused-parameter -Wno-unused-value -Wunused-variable -Wmisleading-indentation -Wundef -fno-common -pipe -arch arm64  -c conftest.c"
checked program was:
/* begin */
1: #include "ruby.h"
2: 
3: int foo;
4: int main() { __builtin_clz(0); return 0; }
/* end */

--------------------

have_builtin_func: checking for __builtin_clzl()... -------------------- yes

DYLD_LIBRARY_PATH=.:/opt/homebrew/Cellar/ruby/4.0.5/lib LSAN_OPTIONS=detect_leaks=0 "clang -I/opt/homebrew/Cellar/ruby/4.0.5/include/ruby-4.0.0/arm64-darwin25 -I/opt/homebrew/Cellar/ruby/4.0.5/include/ruby-4.0.0/ruby/backward -I/opt/homebrew/Cellar/ruby/4.0.5/include/ruby-4.0.0 -I. -I/opt/homebrew/opt/libyaml/include -I/opt/homebrew/opt/openssl@3/include -D_XOPEN_SOURCE -D_DARWIN_C_SOURCE -D_DARWIN_UNLIMITED_SELECT -D_REENTRANT   -fstack-protector-strong -U_FORTIFY_SOURCE -D_FORTIFY_SOURCE=2 -fdeclspec  -O3 -fno-fast-math -ggdb3 -Wall -Wextra -Wextra-tokens -Wdeprecated-declarations -Wdivision-by-zero -Wdiv-by-zero -Wimplicit-function-declaration -Wimplicit-int -Wpointer-arith -Wshorten-64-to-32 -Wwrite-strings -Wold-style-definition -Wmissing-noreturn -Wno-cast-function-type -Wno-constant-logical-operand -Wno-long-long -Wno-missing-field-initializers -Wno-overlength-strings -Wno-parentheses-equality -Wno-self-assign -Wno-tautological-compare -Wno-unused-parameter -Wno-unused-value -Wunused-variable -Wmisleading-indentation -Wundef -fno-common -pipe -arch arm64  -c conftest.c"
checked program was:
/* begin */
1: #include "ruby.h"
2: 
3: int foo;
4: int main() { __builtin_clzl(0); return 0; }
/* end */

--------------------

have_builtin_func: checking for __builtin_clzll()... -------------------- yes

DYLD_LIBRARY_PATH=.:/opt/homebrew/Cellar/ruby/4.0.5/lib LSAN_OPTIONS=detect_leaks=0 "clang -I/opt/homebrew/Cellar/ruby/4.0.5/include/ruby-4.0.0/arm64-darwin25 -I/opt/homebrew/Cellar/ruby/4.0.5/include/ruby-4.0.0/ruby/backward -I/opt/homebrew/Cellar/ruby/4.0.5/include/ruby-4.0.0 -I. -I/opt/homebrew/opt/libyaml/include -I/opt/homebrew/opt/openssl@3/include -D_XOPEN_SOURCE -D_DARWIN_C_SOURCE -D_DARWIN_UNLIMITED_SELECT -D_REENTRANT   -fstack-protector-strong -U_FORTIFY_SOURCE -D_FORTIFY_SOURCE=2 -fdeclspec  -O3 -fno-fast-math -ggdb3 -Wall -Wextra -Wextra-tokens -Wdeprecated-declarations -Wdivision-by-zero -Wdiv-by-zero -Wimplicit-function-declaration -Wimplicit-int -Wpointer-arith -Wshorten-64-to-32 -Wwrite-strings -Wold-style-definition -Wmissing-noreturn -Wno-cast-function-type -Wno-constant-logical-operand -Wno-long-long -Wno-missing-field-initializers -Wno-overlength-strings -Wno-parentheses-equality -Wno-self-assign -Wno-tautological-compare -Wno-unused-parameter -Wno-unused-value -Wunused-variable -Wmisleading-indentation -Wundef -fno-common -pipe -arch arm64  -c conftest.c"
checked program was:
/* begin */
1: #include "ruby.h"
2: 
3: int foo;
4: int main() { __builtin_clzll(0); return 0; }
/* end */

--------------------

have_header: checking for float.h... -------------------- yes

DYLD_LIBRARY_PATH=.:/opt/homebrew/Cellar/ruby/4.0.5/lib LSAN_OPTIONS=detect_leaks=0 "clang -I/opt/homebrew/Cellar/ruby/4.0.5/include/ruby-4.0.0/arm64-darwin25 -I/opt/homebrew/Cellar/ruby/4.0.5/include/ruby-4.0.0/ruby/backward -I/opt/homebrew/Cellar/ruby/4.0.5/include/ruby-4.0.0 -I. -I/opt/homebrew/opt/libyaml/include -I/opt/homebrew/opt/openssl@3/include -D_XOPEN_SOURCE -D_DARWIN_C_SOURCE -D_DARWIN_UNLIMITED_SELECT -D_REENTRANT   -fstack-protector-strong -U_FORTIFY_SOURCE -D_FORTIFY_SOURCE=2 -fdeclspec  -O3 -fno-fast-math -ggdb3 -Wall -Wextra -Wextra-tokens -Wdeprecated-declarations -Wdivision-by-zero -Wdiv-by-zero -Wimplicit-function-declaration -Wimplicit-int -Wpointer-arith -Wshorten-64-to-32 -Wwrite-strings -Wold-style-definition -Wmissing-noreturn -Wno-cast-function-type -Wno-constant-logical-operand -Wno-long-long -Wno-missing-field-initializers -Wno-overlength-strings -Wno-parentheses-equality -Wno-self-assign -Wno-tautological-compare -Wno-unused-parameter -Wno-unused-value -Wunused-variable -Wmisleading-indentation -Wundef -fno-common -pipe -arch arm64  -c conftest.c"
checked program was:
/* begin */
1: #include "ruby.h"
2: 
3: #include <float.h>
/* end */

--------------------

have_header: checking for math.h... -------------------- yes

DYLD_LIBRARY_PATH=.:/opt/homebrew/Cellar/ruby/4.0.5/lib LSAN_OPTIONS=detect_leaks=0 "clang -I/opt/homebrew/Cellar/ruby/4.0.5/include/ruby-4.0.0/arm64-darwin25 -I/opt/homebrew/Cellar/ruby/4.0.5/include/ruby-4.0.0/ruby/backward -I/opt/homebrew/Cellar/ruby/4.0.5/include/ruby-4.0.0 -I. -I/opt/homebrew/opt/libyaml/include -I/opt/homebrew/opt/openssl@3/include -D_XOPEN_SOURCE -D_DARWIN_C_SOURCE -D_DARWIN_UNLIMITED_SELECT -D_REENTRANT   -fstack-protector-strong -U_FORTIFY_SOURCE -D_FORTIFY_SOURCE=2 -fdeclspec  -O3 -fno-fast-math -ggdb3 -Wall -Wextra -Wextra-tokens -Wdeprecated-declarations -Wdivision-by-zero -Wdiv-by-zero -Wimplicit-function-declaration -Wimplicit-int -Wpointer-arith -Wshorten-64-to-32 -Wwrite-strings -Wold-style-definition -Wmissing-noreturn -Wno-cast-function-type -Wno-constant-logical-operand -Wno-long-long -Wno-missing-field-initializers -Wno-overlength-strings -Wno-parentheses-equality -Wno-self-assign -Wno-tautological-compare -Wno-unused-parameter -Wno-unused-value -Wunused-variable -Wmisleading-indentation -Wundef -fno-common -pipe -arch arm64  -c conftest.c"
checked program was:
/* begin */
1: #include "ruby.h"
2: 
3: #include <math.h>
/* end */

--------------------

have_header: checking for stdbool.h... -------------------- yes

DYLD_LIBRARY_PATH=.:/opt/homebrew/Cellar/ruby/4.0.5/lib LSAN_OPTIONS=detect_leaks=0 "clang -I/opt/homebrew/Cellar/ruby/4.0.5/include/ruby-4.0.0/arm64-darwin25 -I/opt/homebrew/Cellar/ruby/4.0.5/include/ruby-4.0.0/ruby/backward -I/opt/homebrew/Cellar/ruby/4.0.5/include/ruby-4.0.0 -I. -I/opt/homebrew/opt/libyaml/include -I/opt/homebrew/opt/openssl@3/include -D_XOPEN_SOURCE -D_DARWIN_C_SOURCE -D_DARWIN_UNLIMITED_SELECT -D_REENTRANT   -fstack-protector-strong -U_FORTIFY_SOURCE -D_FORTIFY_SOURCE=2 -fdeclspec  -O3 -fno-fast-math -ggdb3 -Wall -Wextra -Wextra-tokens -Wdeprecated-declarations -Wdivision-by-zero -Wdiv-by-zero -Wimplicit-function-declaration -Wimplicit-int -Wpointer-arith -Wshorten-64-to-32 -Wwrite-strings -Wold-style-definition -Wmissing-noreturn -Wno-cast-function-type -Wno-constant-logical-operand -Wno-long-long -Wno-missing-field-initializers -Wno-overlength-strings -Wno-parentheses-equality -Wno-self-assign -Wno-tautological-compare -Wno-unused-parameter -Wno-unused-value -Wunused-variable -Wmisleading-indentation -Wundef -fno-common -pipe -arch arm64  -c conftest.c"
checked program was:
/* begin */
1: #include "ruby.h"
2: 
3: #include <stdbool.h>
/* end */

--------------------

have_header: checking for stdlib.h... -------------------- yes

DYLD_LIBRARY_PATH=.:/opt/homebrew/Cellar/ruby/4.0.5/lib LSAN_OPTIONS=detect_leaks=0 "clang -I/opt/homebrew/Cellar/ruby/4.0.5/include/ruby-4.0.0/arm64-darwin25 -I/opt/homebrew/Cellar/ruby/4.0.5/include/ruby-4.0.0/ruby/backward -I/opt/homebrew/Cellar/ruby/4.0.5/include/ruby-4.0.0 -I. -I/opt/homebrew/opt/libyaml/include -I/opt/homebrew/opt/openssl@3/include -D_XOPEN_SOURCE -D_DARWIN_C_SOURCE -D_DARWIN_UNLIMITED_SELECT -D_REENTRANT   -fstack-protector-strong -U_FORTIFY_SOURCE -D_FORTIFY_SOURCE=2 -fdeclspec  -O3 -fno-fast-math -ggdb3 -Wall -Wextra -Wextra-tokens -Wdeprecated-declarations -Wdivision-by-zero -Wdiv-by-zero -Wimplicit-function-declaration -Wimplicit-int -Wpointer-arith -Wshorten-64-to-32 -Wwrite-strings -Wold-style-definition -Wmissing-noreturn -Wno-cast-function-type -Wno-constant-logical-operand -Wno-long-long -Wno-missing-field-initializers -Wno-overlength-strings -Wno-parentheses-equality -Wno-self-assign -Wno-tautological-compare -Wno-unused-parameter -Wno-unused-value -Wunused-variable -Wmisleading-indentation -Wundef -fno-common -pipe -arch arm64  -c conftest.c"
checked program was:
/* begin */
1: #include "ruby.h"
2: 
3: #include <stdlib.h>
/* end */

--------------------

have_header: checking for x86intrin.h... -------------------- no

DYLD_LIBRARY_PATH=.:/opt/homebrew/Cellar/ruby/4.0.5/lib LSAN_OPTIONS=detect_leaks=0 "clang -I/opt/homebrew/Cellar/ruby/4.0.5/include/ruby-4.0.0/arm64-darwin25 -I/opt/homebrew/Cellar/ruby/4.0.5/include/ruby-4.0.0/ruby/backward -I/opt/homebrew/Cellar/ruby/4.0.5/include/ruby-4.0.0 -I. -I/opt/homebrew/opt/libyaml/include -I/opt/homebrew/opt/openssl@3/include -D_XOPEN_SOURCE -D_DARWIN_C_SOURCE -D_DARWIN_UNLIMITED_SELECT -D_REENTRANT   -fstack-protector-strong -U_FORTIFY_SOURCE -D_FORTIFY_SOURCE=2 -fdeclspec  -O3 -fno-fast-math -ggdb3 -Wall -Wextra -Wextra-tokens -Wdeprecated-declarations -Wdivision-by-zero -Wdiv-by-zero -Wimplicit-function-declaration -Wimplicit-int -Wpointer-arith -Wshorten-64-to-32 -Wwrite-strings -Wold-style-definition -Wmissing-noreturn -Wno-cast-function-type -Wno-constant-logical-operand -Wno-long-long -Wno-missing-field-initializers -Wno-overlength-strings -Wno-parentheses-equality -Wno-self-assign -Wno-tautological-compare -Wno-unused-parameter -Wno-unused-value -Wunused-variable -Wmisleading-indentation -Wundef -fno-common -pipe -arch arm64  -c conftest.c"
In file included from conftest.c:3:
In file included from /opt/homebrew/Cellar/llvm/22.1.8/lib/clang/22/include/x86intrin.h:15:
/opt/homebrew/Cellar/llvm/22.1.8/lib/clang/22/include/immintrin.h:14:2: error: "This header is only meant to be used on x86 and x64 architecture"
   14 | #error "This header is only meant to be used on x86 and x64 architecture"
      |  ^
In file included from conftest.c:3:
In file included from /opt/homebrew/Cellar/llvm/22.1.8/lib/clang/22/include/x86intrin.h:15:
In file included from /opt/homebrew/Cellar/llvm/22.1.8/lib/clang/22/include/immintrin.h:17:
In file included from /opt/homebrew/Cellar/llvm/22.1.8/lib/clang/22/include/x86gprintrin.h:13:
/opt/homebrew/Cellar/llvm/22.1.8/lib/clang/22/include/hresetintrin.h:42:27: error: invalid input constraint 'a' in asm
   42 |   __asm__ ("hreset $0" :: "a"(__eax));
      |                           ^
In file included from conftest.c:3:
In file included from /opt/homebrew/Cellar/llvm/22.1.8/lib/clang/22/include/x86intrin.h:15:
In file included from /opt/homebrew/Cellar/llvm/22.1.8/lib/clang/22/include/immintrin.h:19:
/opt/homebrew/Cellar/llvm/22.1.8/lib/clang/22/include/mmintrin.h:14:2: error: "This header is only meant to be used on x86 and x64 architecture"
   14 | #error "This header is only meant to be used on x86 and x64 architecture"
      |  ^
/opt/homebrew/Cellar/llvm/22.1.8/lib/clang/22/include/mmintrin.h:150:10: error: invalid conversion between vector type '__v2di' (vector of 2 'long long' values) and integer type 'int' of different size
  150 |   return __trunc64(__builtin_ia32_packsswb128(
      |          ^~~~~~~~~~~~~~~~~~~~~~~~~~~~~~~~~~~~~
  151 |       (__v8hi)__builtin_shufflevector(__m1, __m2, 0, 1), (__v8hi){}));
      |       ~~~~~~~~~~~~~~~~~~~~~~~~~~~~~~~~~~~~~~~~~~~~~~~~~~~~~~~~~~~~~~~
/opt/homebrew/Cellar/llvm/22.1.8/lib/clang/22/include/mmintrin.h:53:35: note: expanded from macro '__trunc64'
   53 |   (__m64) __builtin_shufflevector((__v2di)(x), __extension__(__v2di){}, 0)
      |                                   ^~~~~~~~~~~
/opt/homebrew/Cellar/llvm/22.1.8/lib/clang/22/include/mmintrin.h:175:10: error: invalid conversion between vector type '__v2di' (vector of 2 'long long' values) and integer type 'int' of different size
  175 |   return __trunc64(__builtin_ia32_packssdw128(
      |          ^~~~~~~~~~~~~~~~~~~~~~~~~~~~~~~~~~~~~
  176 |       (__v4si)__builtin_shufflevector(__m1, __m2, 0, 1), (__v4si){}));
      |       ~~~~~~~~~~~~~~~~~~~~~~~~~~~~~~~~~~~~~~~~~~~~~~~~~~~~~~~~~~~~~~~
/opt/homebrew/Cellar/llvm/22.1.8/lib/clang/22/include/mmintrin.h:53:35: note: expanded from macro '__trunc64'
   53 |   (__m64) __builtin_shufflevector((__v2di)(x), __extension__(__v2di){}, 0)
      |                                   ^~~~~~~~~~~
/opt/homebrew/Cellar/llvm/22.1.8/lib/clang/22/include/mmintrin.h:200:10: error: invalid conversion between vector type '__v2di' (vector of 2 'long long' values) and integer type 'int' of different size
  200 |   return __trunc64(__builtin_ia32_packuswb128(
      |          ^~~~~~~~~~~~~~~~~~~~~~~~~~~~~~~~~~~~~
  201 |       (__v8hi)__builtin_shufflevector(__m1, __m2, 0, 1), (__v8hi){}));
      |       ~~~~~~~~~~~~~~~~~~~~~~~~~~~~~~~~~~~~~~~~~~~~~~~~~~~~~~~~~~~~~~~
/opt/homebrew/Cellar/llvm/22.1.8/lib/clang/22/include/mmintrin.h:53:35: note: expanded from macro '__trunc64'
   53 |   (__m64) __builtin_shufflevector((__v2di)(x), __extension__(__v2di){}, 0)
      |                                   ^~~~~~~~~~~
/opt/homebrew/Cellar/llvm/22.1.8/lib/clang/22/include/mmintrin.h:667:10: error: invalid conversion between vector type '__v2di' (vector of 2 'long long' values) and integer type 'int' of different size
  667 |   return __trunc64(__builtin_ia32_pmaddwd128((__v8hi)__zext128(__m1),
      |          ^~~~~~~~~~~~~~~~~~~~~~~~~~~~~~~~~~~~~~~~~~~~~~~~~~~~~~~~~~~~
  668 |                                              (__v8hi)__zext128(__m2)));
      |                                              ~~~~~~~~~~~~~~~~~~~~~~~~~
/opt/homebrew/Cellar/llvm/22.1.8/lib/clang/22/include/mmintrin.h:53:35: note: expanded from macro '__trunc64'
   53 |   (__m64) __builtin_shufflevector((__v2di)(x), __extension__(__v2di){}, 0)
      |                                   ^~~~~~~~~~~
/opt/homebrew/Cellar/llvm/22.1.8/lib/clang/22/include/mmintrin.h:688:10: error: invalid conversion between vector type '__v2di' (vector of 2 'long long' values) and integer type 'int' of different size
  688 |   return __trunc64(__builtin_ia32_pmulhw128((__v8hi)__zext128(__m1),
      |          ^~~~~~~~~~~~~~~~~~~~~~~~~~~~~~~~~~~~~~~~~~~~~~~~~~~~~~~~~~~
  689 |                                             (__v8hi)__zext128(__m2)));
      |                                             ~~~~~~~~~~~~~~~~~~~~~~~~~
/opt/homebrew/Cellar/llvm/22.1.8/lib/clang/22/include/mmintrin.h:53:35: note: expanded from macro '__trunc64'
   53 |   (__m64) __builtin_shufflevector((__v2di)(x), __extension__(__v2di){}, 0)
      |                                   ^~~~~~~~~~~
/opt/homebrew/Cellar/llvm/22.1.8/lib/clang/22/include/mmintrin.h:732:10: error: invalid conversion between vector type '__v2di' (vector of 2 'long long' values) and integer type 'int' of different size
  732 |   return __trunc64(__builtin_ia32_psllw128((__v8hi)__zext128(__m),
      |          ^~~~~~~~~~~~~~~~~~~~~~~~~~~~~~~~~~~~~~~~~~~~~~~~~~~~~~~~~
  733 |                                            (__v8hi)__zext128(__count)));
      |                                            ~~~~~~~~~~~~~~~~~~~~~~~~~~~~
/opt/homebrew/Cellar/llvm/22.1.8/lib/clang/22/include/mmintrin.h:53:35: note: expanded from macro '__trunc64'
   53 |   (__m64) __builtin_shufflevector((__v2di)(x), __extension__(__v2di){}, 0)
      |                                   ^~~~~~~~~~~
/opt/homebrew/Cellar/llvm/22.1.8/lib/clang/22/include/mmintrin.h:754:10: error: invalid conversion between vector type '__v2di' (vector of 2 'long long' values) and integer type 'int' of different size
  754 |   return __trunc64(__builtin_ia32_psllwi128((__v8hi)__zext128(__m), __count));
      |          ^~~~~~~~~~~~~~~~~~~~~~~~~~~~~~~~~~~~~~~~~~~~~~~~~~~~~~~~~~~~~~~~~~~~
/opt/homebrew/Cellar/llvm/22.1.8/lib/clang/22/include/mmintrin.h:53:35: note: expanded from macro '__trunc64'
   53 |   (__m64) __builtin_shufflevector((__v2di)(x), __extension__(__v2di){}, 0)
      |                                   ^~~~~~~~~~~
/opt/homebrew/Cellar/llvm/22.1.8/lib/clang/22/include/mmintrin.h:777:10: error: invalid conversion between vector type '__v2di' (vector of 2 'long long' values) and integer type 'int' of different size
  777 |   return __trunc64(__builtin_ia32_pslld128((__v4si)__zext128(__m),
      |          ^~~~~~~~~~~~~~~~~~~~~~~~~~~~~~~~~~~~~~~~~~~~~~~~~~~~~~~~~
  778 |                                            (__v4si)__zext128(__count)));
      |                                            ~~~~~~~~~~~~~~~~~~~~~~~~~~~~
/opt/homebrew/Cellar/llvm/22.1.8/lib/clang/22/include/mmintrin.h:53:35: note: expanded from macro '__trunc64'
   53 |   (__m64) __builtin_shufflevector((__v2di)(x), __extension__(__v2di){}, 0)
      |                                   ^~~~~~~~~~~
/opt/homebrew/Cellar/llvm/22.1.8/lib/clang/22/include/mmintrin.h:799:10: error: invalid conversion between vector type '__v2di' (vector of 2 'long long' values) and integer type 'int' of different size
  799 |   return __trunc64(__builtin_ia32_pslldi128((__v4si)__zext128(__m), __count));
      |          ^~~~~~~~~~~~~~~~~~~~~~~~~~~~~~~~~~~~~~~~~~~~~~~~~~~~~~~~~~~~~~~~~~~~
/opt/homebrew/Cellar/llvm/22.1.8/lib/clang/22/include/mmintrin.h:53:35: note: expanded from macro '__trunc64'
   53 |   (__m64) __builtin_shufflevector((__v2di)(x), __extension__(__v2di){}, 0)
      |                                   ^~~~~~~~~~~
/opt/homebrew/Cellar/llvm/22.1.8/lib/clang/22/include/mmintrin.h:819:10: error: invalid conversion between vector type '__v2di' (vector of 2 'long long' values) and integer type 'int' of different size
  819 |   return __trunc64(__builtin_ia32_psllq128((__v2di)__zext128(__m),
      |          ^~~~~~~~~~~~~~~~~~~~~~~~~~~~~~~~~~~~~~~~~~~~~~~~~~~~~~~~~
  820 |                                            (__v2di)__zext128(__count)));
      |                                            ~~~~~~~~~~~~~~~~~~~~~~~~~~~~
/opt/homebrew/Cellar/llvm/22.1.8/lib/clang/22/include/mmintrin.h:53:35: note: expanded from macro '__trunc64'
   53 |   (__m64) __builtin_shufflevector((__v2di)(x), __extension__(__v2di){}, 0)
      |                                   ^~~~~~~~~~~
/opt/homebrew/Cellar/llvm/22.1.8/lib/clang/22/include/mmintrin.h:839:10: error: invalid conversion between vector type '__v2di' (vector of 2 'long long' values) and integer type 'int' of different size
  839 |   return __trunc64(__builtin_ia32_psllqi128((__v2di)__zext128(__m), __count));
      |          ^~~~~~~~~~~~~~~~~~~~~~~~~~~~~~~~~~~~~~~~~~~~~~~~~~~~~~~~~~~~~~~~~~~~
/opt/homebrew/Cellar/llvm/22.1.8/lib/clang/22/include/mmintrin.h:53:35: note: expanded from macro '__trunc64'
   53 |   (__m64) __builtin_shufflevector((__v2di)(x), __extension__(__v2di){}, 0)
      |                                   ^~~~~~~~~~~
/opt/homebrew/Cellar/llvm/22.1.8/lib/clang/22/include/mmintrin.h:863:10: error: invalid conversion between vector type '__v2di' (vector of 2 'long long' values) and integer type 'int' of different size
  863 |   return __trunc64(__builtin_ia32_psraw128((__v8hi)__zext128(__m),
      |          ^~~~~~~~~~~~~~~~~~~~~~~~~~~~~~~~~~~~~~~~~~~~~~~~~~~~~~~~~
  864 |                                            (__v8hi)__zext128(__count)));
      |                                            ~~~~~~~~~~~~~~~~~~~~~~~~~~~~
/opt/homebrew/Cellar/llvm/22.1.8/lib/clang/22/include/mmintrin.h:53:35: note: expanded from macro '__trunc64'
   53 |   (__m64) __builtin_shufflevector((__v2di)(x), __extension__(__v2di){}, 0)
      |                                   ^~~~~~~~~~~
/opt/homebrew/Cellar/llvm/22.1.8/lib/clang/22/include/mmintrin.h:886:10: error: invalid conversion between vector type '__v2di' (vector of 2 'long long' values) and integer type 'int' of different size
  886 |   return __trunc64(__builtin_ia32_psrawi128((__v8hi)__zext128(__m), __count));
      |          ^~~~~~~~~~~~~~~~~~~~~~~~~~~~~~~~~~~~~~~~~~~~~~~~~~~~~~~~~~~~~~~~~~~~
/opt/homebrew/Cellar/llvm/22.1.8/lib/clang/22/include/mmintrin.h:53:35: note: expanded from macro '__trunc64'
   53 |   (__m64) __builtin_shufflevector((__v2di)(x), __extension__(__v2di){}, 0)
      |                                   ^~~~~~~~~~~
/opt/homebrew/Cellar/llvm/22.1.8/lib/clang/22/include/mmintrin.h:910:10: error: invalid conversion between vector type '__v2di' (vector of 2 'long long' values) and integer type 'int' of different size
  910 |   return __trunc64(__builtin_ia32_psrad128((__v4si)__zext128(__m),
      |          ^~~~~~~~~~~~~~~~~~~~~~~~~~~~~~~~~~~~~~~~~~~~~~~~~~~~~~~~~
  911 |                                            (__v4si)__zext128(__count)));
      |                                            ~~~~~~~~~~~~~~~~~~~~~~~~~~~~
/opt/homebrew/Cellar/llvm/22.1.8/lib/clang/22/include/mmintrin.h:53:35: note: expanded from macro '__trunc64'
   53 |   (__m64) __builtin_shufflevector((__v2di)(x), __extension__(__v2di){}, 0)
      |                                   ^~~~~~~~~~~
/opt/homebrew/Cellar/llvm/22.1.8/lib/clang/22/include/mmintrin.h:933:10: error: invalid conversion between vector type '__v2di' (vector of 2 'long long' values) and integer type 'int' of different size
  933 |   return __trunc64(__builtin_ia32_psradi128((__v4si)__zext128(__m), __count));
      |          ^~~~~~~~~~~~~~~~~~~~~~~~~~~~~~~~~~~~~~~~~~~~~~~~~~~~~~~~~~~~~~~~~~~~
/opt/homebrew/Cellar/llvm/22.1.8/lib/clang/22/include/mmintrin.h:53:35: note: expanded from macro '__trunc64'
   53 |   (__m64) __builtin_shufflevector((__v2di)(x), __extension__(__v2di){}, 0)
      |                                   ^~~~~~~~~~~
/opt/homebrew/Cellar/llvm/22.1.8/lib/clang/22/include/mmintrin.h:956:10: error: invalid conversion between vector type '__v2di' (vector of 2 'long long' values) and integer type 'int' of different size
  956 |   return __trunc64(__builtin_ia32_psrlw128((__v8hi)__zext128(__m),
      |          ^~~~~~~~~~~~~~~~~~~~~~~~~~~~~~~~~~~~~~~~~~~~~~~~~~~~~~~~~
  957 |                                            (__v8hi)__zext128(__count)));
      |                                            ~~~~~~~~~~~~~~~~~~~~~~~~~~~~
/opt/homebrew/Cellar/llvm/22.1.8/lib/clang/22/include/mmintrin.h:53:35: note: expanded from macro '__trunc64'
   53 |   (__m64) __builtin_shufflevector((__v2di)(x), __extension__(__v2di){}, 0)
      |                                   ^~~~~~~~~~~
fatal error: too many errors emitted, stopping now [-ferror-limit=]
20 errors generated.
checked program was:
/* begin */
1: #include "ruby.h"
2: 
3: #include <x86intrin.h>
/* end */

--------------------

have_header: checking for intrin.h... -------------------- no

DYLD_LIBRARY_PATH=.:/opt/homebrew/Cellar/ruby/4.0.5/lib LSAN_OPTIONS=detect_leaks=0 "clang -I/opt/homebrew/Cellar/ruby/4.0.5/include/ruby-4.0.0/arm64-darwin25 -I/opt/homebrew/Cellar/ruby/4.0.5/include/ruby-4.0.0/ruby/backward -I/opt/homebrew/Cellar/ruby/4.0.5/include/ruby-4.0.0 -I. -I/opt/homebrew/opt/libyaml/include -I/opt/homebrew/opt/openssl@3/include -D_XOPEN_SOURCE -D_DARWIN_C_SOURCE -D_DARWIN_UNLIMITED_SELECT -D_REENTRANT   -fstack-protector-strong -U_FORTIFY_SOURCE -D_FORTIFY_SOURCE=2 -fdeclspec  -O3 -fno-fast-math -ggdb3 -Wall -Wextra -Wextra-tokens -Wdeprecated-declarations -Wdivision-by-zero -Wdiv-by-zero -Wimplicit-function-declaration -Wimplicit-int -Wpointer-arith -Wshorten-64-to-32 -Wwrite-strings -Wold-style-definition -Wmissing-noreturn -Wno-cast-function-type -Wno-constant-logical-operand -Wno-long-long -Wno-missing-field-initializers -Wno-overlength-strings -Wno-parentheses-equality -Wno-self-assign -Wno-tautological-compare -Wno-unused-parameter -Wno-unused-value -Wunused-variable -Wmisleading-indentation -Wundef -fno-common -pipe -arch arm64  -c conftest.c"
In file included from conftest.c:3:
/opt/homebrew/Cellar/llvm/22.1.8/lib/clang/22/include/intrin.h:12:15: fatal error: 'intrin.h' file not found
   12 | #include_next <intrin.h>
      |               ^~~~~~~~~~
1 error generated.
checked program was:
/* begin */
1: #include "ruby.h"
2: 
3: #include <intrin.h>
/* end */

--------------------

have_header: checking for ruby/atomic.h... -------------------- yes

DYLD_LIBRARY_PATH=.:/opt/homebrew/Cellar/ruby/4.0.5/lib LSAN_OPTIONS=detect_leaks=0 "clang -I/opt/homebrew/Cellar/ruby/4.0.5/include/ruby-4.0.0/arm64-darwin25 -I/opt/homebrew/Cellar/ruby/4.0.5/include/ruby-4.0.0/ruby/backward -I/opt/homebrew/Cellar/ruby/4.0.5/include/ruby-4.0.0 -I. -I/opt/homebrew/opt/libyaml/include -I/opt/homebrew/opt/openssl@3/include -D_XOPEN_SOURCE -D_DARWIN_C_SOURCE -D_DARWIN_UNLIMITED_SELECT -D_REENTRANT   -fstack-protector-strong -U_FORTIFY_SOURCE -D_FORTIFY_SOURCE=2 -fdeclspec  -O3 -fno-fast-math -ggdb3 -Wall -Wextra -Wextra-tokens -Wdeprecated-declarations -Wdivision-by-zero -Wdiv-by-zero -Wimplicit-function-declaration -Wimplicit-int -Wpointer-arith -Wshorten-64-to-32 -Wwrite-strings -Wold-style-definition -Wmissing-noreturn -Wno-cast-function-type -Wno-constant-logical-operand -Wno-long-long -Wno-missing-field-initializers -Wno-overlength-strings -Wno-parentheses-equality -Wno-self-assign -Wno-tautological-compare -Wno-unused-parameter -Wno-unused-value -Wunused-variable -Wmisleading-indentation -Wundef -fno-common -pipe -arch arm64  -c conftest.c"
checked program was:
/* begin */
1: #include "ruby.h"
2: 
3: #include <ruby/atomic.h>
/* end */

--------------------

have_header: checking for ruby/internal/has/builtin.h... -------------------- yes

DYLD_LIBRARY_PATH=.:/opt/homebrew/Cellar/ruby/4.0.5/lib LSAN_OPTIONS=detect_leaks=0 "clang -I/opt/homebrew/Cellar/ruby/4.0.5/include/ruby-4.0.0/arm64-darwin25 -I/opt/homebrew/Cellar/ruby/4.0.5/include/ruby-4.0.0/ruby/backward -I/opt/homebrew/Cellar/ruby/4.0.5/include/ruby-4.0.0 -I. -I/opt/homebrew/opt/libyaml/include -I/opt/homebrew/opt/openssl@3/include -D_XOPEN_SOURCE -D_DARWIN_C_SOURCE -D_DARWIN_UNLIMITED_SELECT -D_REENTRANT   -fstack-protector-strong -U_FORTIFY_SOURCE -D_FORTIFY_SOURCE=2 -fdeclspec  -O3 -fno-fast-math -ggdb3 -Wall -Wextra -Wextra-tokens -Wdeprecated-declarations -Wdivision-by-zero -Wdiv-by-zero -Wimplicit-function-declaration -Wimplicit-int -Wpointer-arith -Wshorten-64-to-32 -Wwrite-strings -Wold-style-definition -Wmissing-noreturn -Wno-cast-function-type -Wno-constant-logical-operand -Wno-long-long -Wno-missing-field-initializers -Wno-overlength-strings -Wno-parentheses-equality -Wno-self-assign -Wno-tautological-compare -Wno-unused-parameter -Wno-unused-value -Wunused-variable -Wmisleading-indentation -Wundef -fno-common -pipe -arch arm64  -c conftest.c"
checked program was:
/* begin */
1: #include "ruby.h"
2: 
3: #include <ruby/internal/has/builtin.h>
/* end */

--------------------

have_header: checking for ruby/internal/static_assert.h... -------------------- yes

DYLD_LIBRARY_PATH=.:/opt/homebrew/Cellar/ruby/4.0.5/lib LSAN_OPTIONS=detect_leaks=0 "clang -I/opt/homebrew/Cellar/ruby/4.0.5/include/ruby-4.0.0/arm64-darwin25 -I/opt/homebrew/Cellar/ruby/4.0.5/include/ruby-4.0.0/ruby/backward -I/opt/homebrew/Cellar/ruby/4.0.5/include/ruby-4.0.0 -I. -I/opt/homebrew/opt/libyaml/include -I/opt/homebrew/opt/openssl@3/include -D_XOPEN_SOURCE -D_DARWIN_C_SOURCE -D_DARWIN_UNLIMITED_SELECT -D_REENTRANT   -fstack-protector-strong -U_FORTIFY_SOURCE -D_FORTIFY_SOURCE=2 -fdeclspec  -O3 -fno-fast-math -ggdb3 -Wall -Wextra -Wextra-tokens -Wdeprecated-declarations -Wdivision-by-zero -Wdiv-by-zero -Wimplicit-function-declaration -Wimplicit-int -Wpointer-arith -Wshorten-64-to-32 -Wwrite-strings -Wold-style-definition -Wmissing-noreturn -Wno-cast-function-type -Wno-constant-logical-operand -Wno-long-long -Wno-missing-field-initializers -Wno-overlength-strings -Wno-parentheses-equality -Wno-self-assign -Wno-tautological-compare -Wno-unused-parameter -Wno-unused-value -Wunused-variable -Wmisleading-indentation -Wundef -fno-common -pipe -arch arm64  -c conftest.c"
checked program was:
/* begin */
1: #include "ruby.h"
2: 
3: #include <ruby/internal/static_assert.h>
/* end */

--------------------

have_func: checking for rb_complex_real() in ruby.h... -------------------- yes

DYLD_LIBRARY_PATH=.:/opt/homebrew/Cellar/ruby/4.0.5/lib LSAN_OPTIONS=detect_leaks=0 "clang -o conftest -I/opt/homebrew/Cellar/ruby/4.0.5/include/ruby-4.0.0/arm64-darwin25 -I/opt/homebrew/Cellar/ruby/4.0.5/include/ruby-4.0.0/ruby/backward -I/opt/homebrew/Cellar/ruby/4.0.5/include/ruby-4.0.0 -I. -I/opt/homebrew/opt/libyaml/include -I/opt/homebrew/opt/openssl@3/include -D_XOPEN_SOURCE -D_DARWIN_C_SOURCE -D_DARWIN_UNLIMITED_SELECT -D_REENTRANT   -fstack-protector-strong -U_FORTIFY_SOURCE -D_FORTIFY_SOURCE=2 -fdeclspec  -O3 -fno-fast-math -ggdb3 -Wall -Wextra -Wextra-tokens -Wdeprecated-declarations -Wdivision-by-zero -Wdiv-by-zero -Wimplicit-function-declaration -Wimplicit-int -Wpointer-arith -Wshorten-64-to-32 -Wwrite-strings -Wold-style-definition -Wmissing-noreturn -Wno-cast-function-type -Wno-constant-logical-operand -Wno-long-long -Wno-missing-field-initializers -Wno-overlength-strings -Wno-parentheses-equality -Wno-self-assign -Wno-tautological-compare -Wno-unused-parameter -Wno-unused-value -Wunused-variable -Wmisleading-indentation -Wundef -fno-common -pipe conftest.c -L. -L/opt/homebrew/Cellar/ruby/4.0.5/lib -L/opt/homebrew/opt/libyaml/lib -L/opt/homebrew/opt/openssl@3/lib -L. -fstack-protector-strong -L/opt/homebrew/Cellar/libyaml/0.2.5/lib -L/opt/homebrew/Cellar/openssl@3/3.6.2/lib  -arch arm64   -lruby.4.0  -lpthread  "
checked program was:
/* begin */
 1: #include "ruby.h"
 2: 
 3: #include <ruby.h>
 4: 
 5: /*top*/
 6: extern int t(void);
 7: int main(int argc, char **argv)
 8: {
 9:   if (argc > 1000000) {
10:     int (* volatile tp)(void)=(int (*)(void))&t;
11:     printf("%d", (*tp)());
12:   }
13: 
14:   return !!argv[argc];
15: }
16: int t(void) { void ((*volatile p)()); p = (void ((*)()))rb_complex_real; return !p; }
/* end */

--------------------

have_func: checking for rb_complex_imag() in ruby.h... -------------------- yes

DYLD_LIBRARY_PATH=.:/opt/homebrew/Cellar/ruby/4.0.5/lib LSAN_OPTIONS=detect_leaks=0 "clang -o conftest -I/opt/homebrew/Cellar/ruby/4.0.5/include/ruby-4.0.0/arm64-darwin25 -I/opt/homebrew/Cellar/ruby/4.0.5/include/ruby-4.0.0/ruby/backward -I/opt/homebrew/Cellar/ruby/4.0.5/include/ruby-4.0.0 -I. -I/opt/homebrew/opt/libyaml/include -I/opt/homebrew/opt/openssl@3/include -D_XOPEN_SOURCE -D_DARWIN_C_SOURCE -D_DARWIN_UNLIMITED_SELECT -D_REENTRANT   -fstack-protector-strong -U_FORTIFY_SOURCE -D_FORTIFY_SOURCE=2 -fdeclspec  -O3 -fno-fast-math -ggdb3 -Wall -Wextra -Wextra-tokens -Wdeprecated-declarations -Wdivision-by-zero -Wdiv-by-zero -Wimplicit-function-declaration -Wimplicit-int -Wpointer-arith -Wshorten-64-to-32 -Wwrite-strings -Wold-style-definition -Wmissing-noreturn -Wno-cast-function-type -Wno-constant-logical-operand -Wno-long-long -Wno-missing-field-initializers -Wno-overlength-strings -Wno-parentheses-equality -Wno-self-assign -Wno-tautological-compare -Wno-unused-parameter -Wno-unused-value -Wunused-variable -Wmisleading-indentation -Wundef -fno-common -pipe conftest.c -L. -L/opt/homebrew/Cellar/ruby/4.0.5/lib -L/opt/homebrew/opt/libyaml/lib -L/opt/homebrew/opt/openssl@3/lib -L. -fstack-protector-strong -L/opt/homebrew/Cellar/libyaml/0.2.5/lib -L/opt/homebrew/Cellar/openssl@3/3.6.2/lib  -arch arm64   -lruby.4.0  -lpthread  "
checked program was:
/* begin */
 1: #include "ruby.h"
 2: 
 3: #include <ruby.h>
 4: 
 5: /*top*/
 6: extern int t(void);
 7: int main(int argc, char **argv)
 8: {
 9:   if (argc > 1000000) {
10:     int (* volatile tp)(void)=(int (*)(void))&t;
11:     printf("%d", (*tp)());
12:   }
13: 
14:   return !!argv[argc];
15: }
16: int t(void) { void ((*volatile p)()); p = (void ((*)()))rb_complex_imag; return !p; }
/* end */

--------------------

have_func: checking for rb_opts_exception_p() in ruby.h... -------------------- yes

DYLD_LIBRARY_PATH=.:/opt/homebrew/Cellar/ruby/4.0.5/lib LSAN_OPTIONS=detect_leaks=0 "clang -o conftest -I/opt/homebrew/Cellar/ruby/4.0.5/include/ruby-4.0.0/arm64-darwin25 -I/opt/homebrew/Cellar/ruby/4.0.5/include/ruby-4.0.0/ruby/backward -I/opt/homebrew/Cellar/ruby/4.0.5/include/ruby-4.0.0 -I. -I/opt/homebrew/opt/libyaml/include -I/opt/homebrew/opt/openssl@3/include -D_XOPEN_SOURCE -D_DARWIN_C_SOURCE -D_DARWIN_UNLIMITED_SELECT -D_REENTRANT   -fstack-protector-strong -U_FORTIFY_SOURCE -D_FORTIFY_SOURCE=2 -fdeclspec  -O3 -fno-fast-math -ggdb3 -Wall -Wextra -Wextra-tokens -Wdeprecated-declarations -Wdivision-by-zero -Wdiv-by-zero -Wimplicit-function-declaration -Wimplicit-int -Wpointer-arith -Wshorten-64-to-32 -Wwrite-strings -Wold-style-definition -Wmissing-noreturn -Wno-cast-function-type -Wno-constant-logical-operand -Wno-long-long -Wno-missing-field-initializers -Wno-overlength-strings -Wno-parentheses-equality -Wno-self-assign -Wno-tautological-compare -Wno-unused-parameter -Wno-unused-value -Wunused-variable -Wmisleading-indentation -Wundef -fno-common -pipe conftest.c -L. -L/opt/homebrew/Cellar/ruby/4.0.5/lib -L/opt/homebrew/opt/libyaml/lib -L/opt/homebrew/opt/openssl@3/lib -L. -fstack-protector-strong -L/opt/homebrew/Cellar/libyaml/0.2.5/lib -L/opt/homebrew/Cellar/openssl@3/3.6.2/lib  -arch arm64   -lruby.4.0  -lpthread  "
conftest.c:16:57: error: use of undeclared identifier 'rb_opts_exception_p'
   16 | int t(void) { void ((*volatile p)()); p = (void ((*)()))rb_opts_exception_p; return !p; }
      |                                                         ^~~~~~~~~~~~~~~~~~~
1 error generated.
checked program was:
/* begin */
 1: #include "ruby.h"
 2: 
 3: #include <ruby.h>
 4: 
 5: /*top*/
 6: extern int t(void);
 7: int main(int argc, char **argv)
 8: {
 9:   if (argc > 1000000) {
10:     int (* volatile tp)(void)=(int (*)(void))&t;
11:     printf("%d", (*tp)());
12:   }
13: 
14:   return !!argv[argc];
15: }
16: int t(void) { void ((*volatile p)()); p = (void ((*)()))rb_opts_exception_p; return !p; }
/* end */

DYLD_LIBRARY_PATH=.:/opt/homebrew/Cellar/ruby/4.0.5/lib LSAN_OPTIONS=detect_leaks=0 "clang -o conftest -I/opt/homebrew/Cellar/ruby/4.0.5/include/ruby-4.0.0/arm64-darwin25 -I/opt/homebrew/Cellar/ruby/4.0.5/include/ruby-4.0.0/ruby/backward -I/opt/homebrew/Cellar/ruby/4.0.5/include/ruby-4.0.0 -I. -I/opt/homebrew/opt/libyaml/include -I/opt/homebrew/opt/openssl@3/include -D_XOPEN_SOURCE -D_DARWIN_C_SOURCE -D_DARWIN_UNLIMITED_SELECT -D_REENTRANT   -fstack-protector-strong -U_FORTIFY_SOURCE -D_FORTIFY_SOURCE=2 -fdeclspec  -O3 -fno-fast-math -ggdb3 -Wall -Wextra -Wextra-tokens -Wdeprecated-declarations -Wdivision-by-zero -Wdiv-by-zero -Wimplicit-function-declaration -Wimplicit-int -Wpointer-arith -Wshorten-64-to-32 -Wwrite-strings -Wold-style-definition -Wmissing-noreturn -Wno-cast-function-type -Wno-constant-logical-operand -Wno-long-long -Wno-missing-field-initializers -Wno-overlength-strings -Wno-parentheses-equality -Wno-self-assign -Wno-tautological-compare -Wno-unused-parameter -Wno-unused-value -Wunused-variable -Wmisleading-indentation -Wundef -fno-common -pipe conftest.c -L. -L/opt/homebrew/Cellar/ruby/4.0.5/lib -L/opt/homebrew/opt/libyaml/lib -L/opt/homebrew/opt/openssl@3/lib -L. -fstack-protector-strong -L/opt/homebrew/Cellar/libyaml/0.2.5/lib -L/opt/homebrew/Cellar/openssl@3/3.6.2/lib  -arch arm64   -lruby.4.0  -lpthread  "
checked program was:
/* begin */
 1: #include "ruby.h"
 2: 
 3: #include <ruby.h>
 4: 
 5: /*top*/
 6: extern int t(void);
 7: int main(int argc, char **argv)
 8: {
 9:   if (argc > 1000000) {
10:     int (* volatile tp)(void)=(int (*)(void))&t;
11:     printf("%d", (*tp)());
12:   }
13: 
14:   return !!argv[argc];
15: }
16: extern void rb_opts_exception_p();
17: int t(void) { rb_opts_exception_p(); return 0; }
/* end */

--------------------

have_func: checking for rb_category_warn() in ruby.h... -------------------- yes

DYLD_LIBRARY_PATH=.:/opt/homebrew/Cellar/ruby/4.0.5/lib LSAN_OPTIONS=detect_leaks=0 "clang -o conftest -I/opt/homebrew/Cellar/ruby/4.0.5/include/ruby-4.0.0/arm64-darwin25 -I/opt/homebrew/Cellar/ruby/4.0.5/include/ruby-4.0.0/ruby/backward -I/opt/homebrew/Cellar/ruby/4.0.5/include/ruby-4.0.0 -I. -I/opt/homebrew/opt/libyaml/include -I/opt/homebrew/opt/openssl@3/include -D_XOPEN_SOURCE -D_DARWIN_C_SOURCE -D_DARWIN_UNLIMITED_SELECT -D_REENTRANT   -fstack-protector-strong -U_FORTIFY_SOURCE -D_FORTIFY_SOURCE=2 -fdeclspec  -O3 -fno-fast-math -ggdb3 -Wall -Wextra -Wextra-tokens -Wdeprecated-declarations -Wdivision-by-zero -Wdiv-by-zero -Wimplicit-function-declaration -Wimplicit-int -Wpointer-arith -Wshorten-64-to-32 -Wwrite-strings -Wold-style-definition -Wmissing-noreturn -Wno-cast-function-type -Wno-constant-logical-operand -Wno-long-long -Wno-missing-field-initializers -Wno-overlength-strings -Wno-parentheses-equality -Wno-self-assign -Wno-tautological-compare -Wno-unused-parameter -Wno-unused-value -Wunused-variable -Wmisleading-indentation -Wundef -fno-common -pipe conftest.c -L. -L/opt/homebrew/Cellar/ruby/4.0.5/lib -L/opt/homebrew/opt/libyaml/lib -L/opt/homebrew/opt/openssl@3/lib -L. -fstack-protector-strong -L/opt/homebrew/Cellar/libyaml/0.2.5/lib -L/opt/homebrew/Cellar/openssl@3/3.6.2/lib  -arch arm64   -lruby.4.0  -lpthread  "
checked program was:
/* begin */
 1: #include "ruby.h"
 2: 
 3: #include <ruby.h>
 4: 
 5: /*top*/
 6: extern int t(void);
 7: int main(int argc, char **argv)
 8: {
 9:   if (argc > 1000000) {
10:     int (* volatile tp)(void)=(int (*)(void))&t;
11:     printf("%d", (*tp)());
12:   }
13: 
14:   return !!argv[argc];
15: }
16: int t(void) { void ((*volatile p)()); p = (void ((*)()))rb_category_warn; return !p; }
/* end */

--------------------

have_const: checking for RB_WARN_CATEGORY_DEPRECATED in ruby.h... -------------------- yes

DYLD_LIBRARY_PATH=.:/opt/homebrew/Cellar/ruby/4.0.5/lib LSAN_OPTIONS=detect_leaks=0 "clang -I/opt/homebrew/Cellar/ruby/4.0.5/include/ruby-4.0.0/arm64-darwin25 -I/opt/homebrew/Cellar/ruby/4.0.5/include/ruby-4.0.0/ruby/backward -I/opt/homebrew/Cellar/ruby/4.0.5/include/ruby-4.0.0 -I. -I/opt/homebrew/opt/libyaml/include -I/opt/homebrew/opt/openssl@3/include -D_XOPEN_SOURCE -D_DARWIN_C_SOURCE -D_DARWIN_UNLIMITED_SELECT -D_REENTRANT   -fstack-protector-strong -U_FORTIFY_SOURCE -D_FORTIFY_SOURCE=2 -fdeclspec  -O3 -fno-fast-math -ggdb3 -Wall -Wextra -Wextra-tokens -Wdeprecated-declarations -Wdivision-by-zero -Wdiv-by-zero -Wimplicit-function-declaration -Wimplicit-int -Wpointer-arith -Wshorten-64-to-32 -Wwrite-strings -Wold-style-definition -Wmissing-noreturn -Wno-cast-function-type -Wno-constant-logical-operand -Wno-long-long -Wno-missing-field-initializers -Wno-overlength-strings -Wno-parentheses-equality -Wno-self-assign -Wno-tautological-compare -Wno-unused-parameter -Wno-unused-value -Wunused-variable -Wmisleading-indentation -Wundef -fno-common -pipe -arch arm64  -c conftest.c"
checked program was:
/* begin */
1: #include "ruby.h"
2: 
3: #include <ruby.h>
4: 
5: /*top*/
6: typedef int conftest_type;
7: conftest_type conftestval = (int)RB_WARN_CATEGORY_DEPRECATED;
/* end */

--------------------

have_const: checking for RUBY_TYPED_EMBEDDABLE in ruby.h... -------------------- yes

DYLD_LIBRARY_PATH=.:/opt/homebrew/Cellar/ruby/4.0.5/lib LSAN_OPTIONS=detect_leaks=0 "clang -I/opt/homebrew/Cellar/ruby/4.0.5/include/ruby-4.0.0/arm64-darwin25 -I/opt/homebrew/Cellar/ruby/4.0.5/include/ruby-4.0.0/ruby/backward -I/opt/homebrew/Cellar/ruby/4.0.5/include/ruby-4.0.0 -I. -I/opt/homebrew/opt/libyaml/include -I/opt/homebrew/opt/openssl@3/include -D_XOPEN_SOURCE -D_DARWIN_C_SOURCE -D_DARWIN_UNLIMITED_SELECT -D_REENTRANT   -fstack-protector-strong -U_FORTIFY_SOURCE -D_FORTIFY_SOURCE=2 -fdeclspec  -O3 -fno-fast-math -ggdb3 -Wall -Wextra -Wextra-tokens -Wdeprecated-declarations -Wdivision-by-zero -Wdiv-by-zero -Wimplicit-function-declaration -Wimplicit-int -Wpointer-arith -Wshorten-64-to-32 -Wwrite-strings -Wold-style-definition -Wmissing-noreturn -Wno-cast-function-type -Wno-constant-logical-operand -Wno-long-long -Wno-missing-field-initializers -Wno-overlength-strings -Wno-parentheses-equality -Wno-self-assign -Wno-tautological-compare -Wno-unused-parameter -Wno-unused-value -Wunused-variable -Wmisleading-indentation -Wundef -fno-common -pipe -arch arm64  -c conftest.c"
checked program was:
/* begin */
1: #include "ruby.h"
2: 
3: #include <ruby.h>
4: 
5: /*top*/
6: typedef int conftest_type;
7: conftest_type conftestval = (int)RUBY_TYPED_EMBEDDABLE;
/* end */

--------------------

