current directory: /Users/macbookpro/Documents/Izeesoft/RailsApp/ruflet_rails_demo/vendor/bundle/ruby/4.0.0/gems/prism-1.9.0/ext/prism
/opt/homebrew/opt/ruby/bin/ruby extconf.rb
checking for prism.h in /Users/macbookpro/Documents/Izeesoft/RailsApp/ruflet_rails_demo/vendor/bundle/ruby/4.0.0/gems/prism-1.9.0/include... yes
checking for prism/extension.h in /Users/macbookpro/Documents/Izeesoft/RailsApp/ruflet_rails_demo/vendor/bundle/ruby/4.0.0/gems/prism-1.9.0/ext... yes
checking for whether -fvisibility=hidden is accepted as CFLAGS... yes
creating Makefile

current directory: /Users/macbookpro/Documents/Izeesoft/RailsApp/ruflet_rails_demo/vendor/bundle/ruby/4.0.0/gems/prism-1.9.0/ext/prism
make -j9 DESTDIR\= sitearchdir\=./.gem.20260628-35482-basdc4 sitelibdir\=./.gem.20260628-35482-basdc4 clean

current directory: /Users/macbookpro/Documents/Izeesoft/RailsApp/ruflet_rails_demo/vendor/bundle/ruby/4.0.0/gems/prism-1.9.0/ext/prism
make -j9 DESTDIR\= sitearchdir\=./.gem.20260628-35482-basdc4 sitelibdir\=./.gem.20260628-35482-basdc4
compiling api_pack.c
compiling api_node.c
compiling extension.c
compiling ./../../src/encoding.c
compiling ./../../src/diagnostic.c
compiling ./../../src/prettyprint.c
compiling ./../../src/node.c
compiling ./../../src/pack.c
compiling ./../../src/options.c
compiling ./../../src/prism.c
compiling ./../../src/regexp.c
compiling ./../../src/serialize.c
compiling ./../../src/static_literals.c
compiling ./../../src/token_type.c
compiling ./../../src/util/pm_buffer.c
compiling ./../../src/util/pm_char.c
compiling ./../../src/util/pm_constant_pool.c
compiling ./../../src/util/pm_integer.c
compiling ./../../src/util/pm_list.c
compiling ./../../src/util/pm_memchr.c
compiling ./../../src/util/pm_newline_list.c
compiling ./../../src/util/pm_string.c
compiling ./../../src/util/pm_strncasecmp.c
compiling ./../../src/util/pm_strpbrk.c
linking shared-object prism/prism.bundle

current directory: /Users/macbookpro/Documents/Izeesoft/RailsApp/ruflet_rails_demo/vendor/bundle/ruby/4.0.0/gems/prism-1.9.0/ext/prism
make -j9 DESTDIR\= sitearchdir\=./.gem.20260628-35482-basdc4 sitelibdir\=./.gem.20260628-35482-basdc4 install
/usr/bin/install -c -m 0755 prism.bundle ./.gem.20260628-35482-basdc4/prism

current directory: /Users/macbookpro/Documents/Izeesoft/RailsApp/ruflet_rails_demo/vendor/bundle/ruby/4.0.0/gems/prism-1.9.0/ext/prism
make DESTDIR\= sitearchdir\=./.gem.20260628-35482-basdc4 sitelibdir\=./.gem.20260628-35482-basdc4 clean
